"from","to","directed","weight","pearson","spearman","kendall"
"Agathobacter","Romboutsia",TRUE,1,0.528458385496898,0.408509308865095,0.306632378448163
"Dialister","Phascolarctobacterium",TRUE,0,-0.55619673557042,-0.73339105693969,-0.561288495918842
"Dialister","Allisonella",TRUE,0,0.515441820438414,0.209073732786805,0.173382569174594
"Megamonas","Allisonella",TRUE,0,0.663800631472781,0.148571431382588,0.137835567838283
"Parabacteroides","Coprobacter",TRUE,0,0.587210955660327,0.369902853805776,0.279773875645601
"Parabacteroides","Incertae.Sedis",TRUE,0,0.598680549394904,-0.0296296314729047,-0.02132201008823
"Erysipelotrichaceae.UCG.003","Subdoligranulum",TRUE,0,0.500609116520838,0.438941380663067,0.305986180521434
"Erysipelotrichaceae.UCG.003","Faecalibacterium",TRUE,0,0.492730441940403,0.484878422790339,0.345706945619496
"Barnesiella","Phascolarctobacterium",TRUE,0,0.506050370959856,0.42207662939545,0.323393927870689
"Barnesiella","CAG.352",TRUE,0,0.490277309269117,0.113973808149293,0.0906973195941277
"Barnesiella","Akkermansia",TRUE,0,0.505176402749208,0.388469439077532,0.305298645576008
"Romboutsia","Lachnospiraceae.FCS020.group",TRUE,0,0.467687563415891,0.445840405535513,0.316726769476801
"Blautia","X.Eubacterium..hallii.group",TRUE,0,0.431942238761383,0.284928996970297,0.221047095953013
"Blautia","X.Eubacterium..brachy.group",TRUE,0,0.587140081820656,0.449848215804227,0.370139220206212
"Lachnospiraceae.NK4A136.group","Sutterella",TRUE,0,0.485743487898937,0.198187391887254,0.109095114292725
"Lachnospiraceae.NK4A136.group","Coprobacter",TRUE,0,0.510433927534092,0.225298200264287,0.163161099054611
"Fusicatenibacter","Faecalibacterium",TRUE,0,0.453466429185954,0.505726065362071,0.369116920993309
"Fusicatenibacter","Lachnospiraceae.UCG.004",TRUE,0,0.627051089465278,0.516933923594034,0.358051048353533
"Fusicatenibacter","Lacticaseibacillus",TRUE,0,0.558197344547242,0.258207988145238,0.213313491140728
"Subdoligranulum","Campylobacter",TRUE,0,0.420812629560712,0.301970668017765,0.245979772691324
"Streptococcus","Lactobacillus",TRUE,0,0.952439802395076,0.345784801018172,0.261927738147977
"CAG.56","Allisonella",TRUE,0,0.658904909661211,0.23774979235807,0.19490698456396
"Acidaminococcus","Bifidobacterium",TRUE,1,0.620774530340324,0.368046721807434,0.345148771811852
"X.Order..Rhodospirillales","Subdoligranulum",TRUE,1,-0.397332452781046,-0.257718816332693,-0.196588985422566
"X.Order..Rhodospirillales","X.Family..Barnesiellaceae",TRUE,0.5,0.475500386882801,0.630380789006476,0.514122933054979
"X.Order..Rhodospirillales","Slackia",TRUE,0,0.415513247721906,0.0787458570969551,0.0660629963195477
"Sutterella","Paraprevotella",TRUE,0,0.455158757015184,0.563001153003935,0.448976458483121
"Parasutterella","Sutterella",TRUE,0,-0.370806610933882,-0.462230983409252,-0.324075459441162
"X.Eubacterium..eligens.group","CAG.56",TRUE,0,0.372662602281604,0.501105403168601,0.357034773728031
"X.Order..Clostridia.UCG.014","Coprobacter",TRUE,0,0.480389299944762,0.591065441366688,0.468237552322107
"X.Order..Clostridia.UCG.014","Campylobacter",TRUE,0,0.449668467571542,0.368330240701278,0.282328732924943
"Odoribacter","Peptoniphilus",TRUE,0,0.527690804740199,0.361421112789563,0.302158365374588
"Monoglobus","Slackia",TRUE,0,0.394401632706734,0.251747280451842,0.20681222710031
"Alloprevotella","Holdemanella",TRUE,1,0.691691929048414,0.334379261099347,0.277920191413269
"Turicibacter","X.Class..Alphaproteobacteria",TRUE,1,0.480415445956293,0.36491649374305,0.30631873731649
"Terrisporobacter","Bergeyella",TRUE,1,0.733920151942909,-0.10915821467524,-0.101688146767154
"Enterococcus","Lactobacillus",TRUE,0,0.999723830198651,0.0922546995893734,0.0780585883901876
"Oscillibacter","X.Eubacterium..nodatum.group",TRUE,0,0.691172213727729,0.417419257605652,0.326160256698083
"Oscillibacter","Shuttleworthia",TRUE,1,0.947514701408632,0.361421112789563,0.302158365374588
"Collinsella","Lactococcus",TRUE,0,0.542094801392486,0.311618801092209,0.254096147025635
"CAG.352","Dielma",TRUE,1,0.900315870386824,0.0971101078810027,0.0876977809144595
"X.Eubacterium..xylanophilum.group","Lactococcus",TRUE,0,0.398817543575837,0.379661985249773,0.302150546788905
"Lachnospiraceae.UCG.001","Prevotella",TRUE,0,0.448401473915899,0.356064269951158,0.251119981445569
"Lachnospiraceae.UCG.001","X.Order..Absconditabacteriales..SR1.",TRUE,0,0.495975342567942,0.176257429198264,0.14105172548735
"Prevotellaceae.NK3B31.group","Lachnospiraceae.UCG.003",TRUE,1,0.770463587168607,0.685990794874504,0.674362788723217
"Prevotellaceae.NK3B31.group","GCA.900066575",TRUE,0,0.624307575587323,0.243638887274132,0.216829253960655
"Prevotellaceae.NK3B31.group","X.Phylum..Proteobacteria",TRUE,0,0.687360574578837,0.806797687915064,0.80201659931922
"NK4A214.group","CAG.352",TRUE,0,0.585556820570708,0.386385285095936,0.343346227810741
"NK4A214.group","X.Order..Coriobacteriales",TRUE,0,0.477564908642395,0.344175720235868,0.295529589125979
"UCG.005","Marvinbryantia",TRUE,0,0.643206496786145,0.618499679778317,0.47523449747364
"Coprococcus","Christensenellaceae.R.7.group",TRUE,0,0.750677964837003,0.690940131696685,0.505390571891158
"Coprococcus","Ruminiclostridium",TRUE,0,0.707428334800519,0.258517907118547,0.214911367337691
"Holdemanella","Prevotella",TRUE,0,0.938190883958028,0.175711210296972,0.135393732409987
"X.Family..Eggerthellaceae","Christensenellaceae.R.7.group",TRUE,0,0.578188276855655,0.49274335858874,0.376632343731762
"X.Family..Eggerthellaceae","X.Family..Barnesiellaceae",TRUE,0,0.686124522054069,0.306830222052354,0.272953917775864
"X.Family..Eggerthellaceae","X.Phylum..Proteobacteria",TRUE,1,0.675213754422674,0.379950242516247,0.350434692777751
"Family.XIII.AD3011.group","Merdibacter",TRUE,0.5,0.672342230861534,0.2670116087369,0.216908691348949
"Family.XIII.AD3011.group","Shuttleworthia",TRUE,1,0.893634386668723,0.355345718721764,0.301598916855119
"X.Ruminococcus..gnavus.group","X.Ruminococcus..torques.group",TRUE,0,0.771183255692585,0.255264044200291,0.177368804998195
"Negativibacillus","Fusobacterium",TRUE,0,0.66521382178474,-0.0779178844456505,-0.067849635620471
"Negativibacillus","Incertae.Sedis",TRUE,0,0.586853852932994,0.362818175080008,0.262055932795607
"Family.XIII.UCG.001","X.Family...Eubacterium..coprostanoligenes.group",TRUE,1,0.544244059085227,0.581003376883594,0.446123020816502
"X.Eubacterium..ventriosum.group","Romboutsia",TRUE,0,0.464545619612469,0.326524367012162,0.223886831419823
"Butyricicoccus","Adlercreutzia",TRUE,0,0.516000719703627,0.362251894889101,0.265987932874427
"Bilophila","Alistipes",TRUE,0,0.571803578052063,0.513877490063246,0.375666701345498
"Bilophila","X.Eubacterium..nodatum.group",TRUE,0,0.546964239338118,0.205327869398122,0.152978833184606
"X.Family..Ruminococcaceae","Akkermansia",TRUE,0,0.770230720478483,0.546852512340822,0.417681745086774
"X.Family..Ruminococcaceae","Defluviitaleaceae.UCG.011",TRUE,0,0.522176861610911,0.408457415010804,0.303070468754256
"Tyzzerella","Lachnospiraceae.UCG.004",TRUE,0,0.556551496615963,0.320726788773589,0.256872562745551
"Tyzzerella","Bergeyella",TRUE,1,0.521912091424487,0.11193482263893,0.101906177052494
"Tuzzerella","X.Ruminococcus..torques.group",TRUE,0,0.89681597819609,0.354256058199174,0.271474896555943
"Tuzzerella","Fusobacterium",TRUE,0,0.759030810904802,-0.0551546747260885,-0.0584377798508708
"Tuzzerella","Paludicola",TRUE,0,0.719123715524763,0.365300413313064,0.305568629909406
"Haemophilus","UC5.1.2E3",TRUE,0,0.593423569907508,0.144171375454961,0.120659949980977
"Haemophilus","Anaerofilum",TRUE,0,0.551126376111025,0.378926680556399,0.318331236819098
"X.Family..Barnesiellaceae","Lachnospiraceae.UCG.003",TRUE,0,0.682445928882262,0.547836569420102,0.511441925778664
"Holdemania","X.Ruminococcus..torques.group",TRUE,0,0.804197353280957,0.491119260588542,0.352567940652406
"X.Family..Erysipelotrichaceae","Olsenella",TRUE,0,0.69756898187816,0.383864591909854,0.368884737237919
"X.Family..Erysipelotrichaceae","Lachnospiraceae.NC2004.group",TRUE,0,0.609660687002354,0.336857012832345,0.308167148967085
"X.Order..RF39","Olsenella",TRUE,0,0.65131430131326,0.320143521444461,0.298993460458735
"X.Clostridium..innocuum.group","Erysipelotrichaceae.UCG.007",TRUE,0,0.710606951356882,0.549957208551989,0.501123780058949
"Eisenbergiella","Intestinimonas",TRUE,0,0.753424371620304,0.433685721249347,0.393190571900831
"Eisenbergiella","DTU089",TRUE,0,0.85036464783268,0.50422678445242,0.470186268838469
"Succinivibrio","Holdemanella",TRUE,1,0.69748606733068,0.793830850872417,0.766767223355844
"Sellimonas","Erysipelatoclostridium",TRUE,0,0.90676105522787,0.344175965794005,0.289872196799733
"Sellimonas","Faecalitalea",TRUE,1,0.90923554933917,0.590678553454178,0.562919714243055
"Candidatus.Stoquefichus","Faecalitalea",TRUE,0,0.994111972870985,0.226473650333222,0.217773906276079
"Candidatus.Stoquefichus","Paludicola",TRUE,0.5,0.993733680269409,0.826007156674946,0.821342300507635
"Frisingicoccus","Faecalitalea",TRUE,0,0.994052351383486,0.183281380978192,0.165597537710303
"Catenibacterium","Prevotella",TRUE,0,0.666442825072887,0.117623606564679,0.0884068712490606
"Catenibacterium","Holdemanella",TRUE,0.5,0.820876584449846,0.795725435242041,0.776725239243583
"UCG.008","X.Family..Rikenellaceae",TRUE,0,0.925323105610047,0.517676219808522,0.508955935792396
"Marvinbryantia","X.Family..UCG.010",TRUE,0,0.704529576538728,0.634544629658875,0.507776814338023
"Butyricimonas","UC5.1.2E3",TRUE,0,0.732893228793025,0.255727547476025,0.224856007457297
"Lachnospiraceae.UCG.008","GCA.900066575",TRUE,0,0.453520524301557,0.427613778915096,0.341941570768399
"Oxalobacter","X.Order..Bacteroidales",TRUE,0,0.874177720558572,0.676140489506229,0.634259973737674
"UCG.009","X.Family...Eubacterium..coprostanoligenes.group",TRUE,0,0.633216397424447,0.550925261897905,0.4221593303367
"UCG.009","Defluviitaleaceae.UCG.011",TRUE,0,0.568432684783776,0.540113054565249,0.443102306568283
"UCG.004","Lachnospiraceae.AC2044.group",TRUE,1,0.958698849196471,0.826275608202227,0.816557302794536
"Oscillospira","X.Order..Bacteroidales",TRUE,0,0.517275353192597,0.472055104181401,0.39337802258987
"Porphyromonas","X.Order..Absconditabacteriales..SR1.",TRUE,0,0.584746763229469,0.431853894072619,0.366513228521128
"Prevotellaceae.UCG.003","Lachnospiraceae.UCG.009",TRUE,1,0.999663994513209,0.590827801288081,0.584183054589776
"Anaerotruncus","Intestinimonas",TRUE,0,0.842057031419761,0.577207505702879,0.528912718045527
"Anaerotruncus","DTU089",TRUE,0,0.757770595722914,0.350474546809672,0.315554273579839
"Latilactobacillus","Acidaminococcus",TRUE,0,0.947861183058889,0.0144116998474658,0.0102722258560228
"Latilactobacillus","Leuconostoc",TRUE,0,0.943042389928429,0.0468043816926222,0.041007396401812
"X.Family..P5D1.392","X.Eubacterium..brachy.group",TRUE,0,0.644780785998326,0.380822656016154,0.355953038653916
"Merdibacter","Erysipelatoclostridium",TRUE,0,0.630310613027177,0.310889017549313,0.242978167092336
"Peptococcus","Faecalicoccus",TRUE,0,0.70727026950339,0.467984099765292,0.437041520916824
"Peptococcus","Lachnospiraceae.NC2004.group",TRUE,0,0.532450165315007,0.442012516168658,0.387286895550087
"Citrobacter","Lachnospiraceae.NC2004.group",TRUE,0,0.662002253996545,0.451576806080735,0.419111413091041
"Senegalimassilia","Lacticaseibacillus",TRUE,0,0.376097236140348,0.32373914322709,0.305816904504795
"X.Family...Clostridium..methylpentosum.group","Alistipes",TRUE,0,0.515936342304167,0.372574393337367,0.293756209246486
"X.Family...Clostridium..methylpentosum.group","Ruminiclostridium",TRUE,0,0.625892455837019,0.351768399937011,0.33419801269354
"X.Family..UCG.011","Citrobacter",TRUE,0,0.860237279408207,0.536081630479558,0.506436604375785
"TM7x","CAG.56",TRUE,1,0.676356448823857,0.446404133325925,0.353664269169734
"TM7x","Fusobacterium",TRUE,0,0.598597925946012,0.0304452303109418,0.0233126202060078
"Howardella","Lachnospiraceae.FCS020.group",TRUE,0.5,0.418373763994504,0.368087126984827,0.29853457413696
"Weissella","Akkermansia",TRUE,0,0.843198799993108,0.120754030188354,0.106687683839708
"Weissella","X.Class..Alphaproteobacteria",TRUE,1,0.894708594424963,0.403398843957532,0.396176874362506
"X.Family..Peptococcaceae","X.Family..UCG.010",TRUE,0,0.716132117997174,0.641404590154803,0.563321581878227
"Enterorhabdus","Marvinbryantia",TRUE,0,0.621875390594667,0.495615901714423,0.41284715525321
"Enterorhabdus","Ruminiclostridium",TRUE,0,0.67440872956265,0.405471785438803,0.391881906409863
"Fournierella","Lachnospiraceae.UCG.009",TRUE,1,0.955849545622862,0.732480320768285,0.720082299823096
"Granulicatella","Fusobacterium",TRUE,0,0.575025594593051,0.175933664749601,0.153272156009676
"Granulicatella","Slackia",TRUE,0.5,0.504810193507863,0.463175608790339,0.448559670781893
"Leuconostoc","Acidaminococcus",TRUE,0,0.945951546664596,0.110591661361095,0.103049946036371
"Acetitomaculum","Lachnospiraceae.AC2044.group",TRUE,1,0.733163609161006,0.669905312646911,0.628820967827714
"Anaerostignum","Leuconostoc",TRUE,0.5,0.96307708999581,0.654982686935781,0.643920916216785
"X.Eubacterium..fissicatena.group","Anaerofilum",TRUE,0.5,0.702372272865691,0.403398843957532,0.396176874362506
"X.Family..Enterobacteriaceae","Faecalicoccus",TRUE,0.5,0.903182424532833,0.317343173431734,0.309523809523809
"X.Order..Absconditabacteriales..SR1.","Lacticaseibacillus",TRUE,0,0.530215365879677,0.412640912410671,0.401094301770562
"Leptotrichia","Ruminiclostridium",TRUE,0,0.7078031087517,0.289787714823579,0.263140943601861
"Candidatus.Soleaferrea","X.Ruminococcus..torques.group",TRUE,0.5,0.876180200318499,0.436044531294939,0.353369441348943
"Candidatus.Soleaferrea","X.Eubacterium..nodatum.group",TRUE,0,0.69620093644707,0.457537638317852,0.407543319655598
"X.Family..vadinBE97","X.Family..UCG.010",TRUE,1,0.821184509087009,0.475274461322262,0.4361428508595
"X.Class..Bacilli","UC5.1.2E3",TRUE,0,0.500000139695277,0.475662520281233,0.470588235294118
"Catenibacillus","Adlercreutzia",TRUE,0,0.806645024138865,0.369948082860073,0.320788978936721
"Rikenella","Lachnospiraceae.UCG.009",TRUE,1,0.99966399451321,0.590827801288081,0.584183054589776
"Finegoldia","Peptoniphilus",TRUE,0,0.913355739858714,0.715281697638591,0.711254070597263
"Atopobium","Erysipelotrichaceae.UCG.007",TRUE,0,0.844228857966468,0.407814922655096,0.387706293253495
"X.Anaerorhabdus..furcosa.group","X.Order..Coriobacteriales",TRUE,0,0.96379619033034,0.517676219808522,0.508955935792396
"Sneathia","Lachnospiraceae.UCG.009",TRUE,1,0.99966399451321,0.590827801288081,0.584183054589776
"X.Phylum..Firmicutes","Faecalicoccus",TRUE,0,0.756503180401063,0.261930335794786,0.243721273999746
"Centipeda","Campylobacter",TRUE,1,0.547255107665401,0.380989608909569,0.350612566330226
"Lacticaseibacillus","X.Eubacterium..hallii.group",TRUE,0,0.503675432838067,0.258207988145238,0.213313491140728
"X.Order..Chloroplast","Fusobacterium",TRUE,0,0.705011064071606,0.199415820556428,0.169050172069496
"CHKCI002","Merdibacter",TRUE,0,0.64951803452866,0.437168075603873,0.410483865445551
"Capnocytophaga","Bergeyella",TRUE,1,0.704197106894627,0.382417196155223,0.36533862248887
"Acetanaerobacterium","Paraprevotella",TRUE,0.5,0.722764850268264,0.474681929757407,0.450942659654917
"X.Order..Saccharimonadales","X.Family...Eubacterium..coprostanoligenes.group",TRUE,1,0.564717809976534,0.409762357981262,0.339783159459964
"X.Order..Saccharimonadales","Olsenella",TRUE,0,0.671759737095313,0.563347438437472,0.557011749725135
"X.Family..Puniceicoccaceae","Sutterella",TRUE,0,0.542324907324527,0.364453870660313,0.301838009185574
"X.Family..Puniceicoccaceae","X.Phylum..Proteobacteria",TRUE,0.5,0.730661883701401,0.654982686935781,0.643920916216785
"X.Family..Peptostreptococcaceae","X.Family..Rikenellaceae",TRUE,0,0.533095473832199,0.289787714823579,0.263140943601861
"X.Family..Rikenellaceae","Citrobacter",TRUE,0,0.760902987313256,0.715281697638591,0.711254070597263
"Pseudoflavonifractor","Intestinimonas",TRUE,0,0.646099266712513,0.414982133558339,0.379059319286177
"Gemella","Agathobacter",FALSE,0,0.432701732201285,0.304252884979238,0.242488708385341
"Fusicatenibacter","Dialister",FALSE,0,0.570284865658811,0.547550207981689,0.394506183062616
"Dorea","Dialister",FALSE,0,0.612932419951086,0.402711153592988,0.293000161532575
"Staphylococcus","Helicobacter",FALSE,0,0.999999771077034,1,1
"Terrisporobacter","Intestinibacter",FALSE,1,0.744682203461169,0.599493200696632,0.477546699649293
"X.Family..Anaerovoracaceae","Barnesiella",FALSE,0,0.380342741619784,0.243538906869053,0.203279941212125
"Actinobacillus","Prevotella_9",FALSE,1,0.785853660264246,0.426555340470325,0.39825219621206
"Alloprevotella","Prevotella_7",FALSE,0,0.805643243562389,0.142762831773874,0.109399772646065
"X.Family..Prevotellaceae","Prevotella_7",FALSE,0,0.82938471911143,0.19614256697905,0.159784855772926
"X.Family..Veillonellaceae","Roseburia",FALSE,0,0.542290438309596,0.284553834885131,0.223985677003948
"Butyricicoccus","Lachnoclostridium",FALSE,1,0.593141014618413,0.411994785131921,0.299312574902883
"Rhodobacter","Deinococcus",FALSE,0,1,1,1
"Cutibacterium","Deinococcus",FALSE,0,1,1,1
"Staphylococcus","Deinococcus",FALSE,0,0.999998804438284,0.715281697638591,0.711254070597263
"Acinetobacter","Deinococcus",FALSE,0,1,1,1
"Listeria","Deinococcus",FALSE,0,1,1,1
"X.Family..Peptostreptococcaceae","X.Eubacterium..siraeum.group",FALSE,0,0.489642352079714,0.109997377203126,0.0830247262660477
"Cutibacterium","Rhodobacter",FALSE,0,1,1,1
"Staphylococcus","Rhodobacter",FALSE,0,0.999998804438284,0.715281697638591,0.711254070597263
"Acinetobacter","Rhodobacter",FALSE,0,1,1,1
"Listeria","Rhodobacter",FALSE,0,1,1,1
"Staphylococcus","Cutibacterium",FALSE,0,0.999998804438284,0.715281697638591,0.711254070597263
"Acinetobacter","Cutibacterium",FALSE,0,1,1,1
"Listeria","Cutibacterium",FALSE,0,1,1,1
"NK4A214.group","UCG.002",FALSE,0,0.685027335286445,0.67100391403298,0.507424669074433
"UCG.005","UCG.002",FALSE,1,0.750683699369865,0.739076161327112,0.587359028048501
"Pseudomonas","Escherichia.Shigella",FALSE,1,0.749854530541667,0.44557014808103,0.380924068932651
"Prevotellaceae.UCG.003","Anaeroplasma",FALSE,1,0.999911149155067,0.517676219808522,0.508955935792396
"Rikenella","Anaeroplasma",FALSE,1,0.999911149155067,0.517676219808522,0.508955935792396
"Sneathia","Anaeroplasma",FALSE,1,0.999911149155067,0.517676219808522,0.508955935792396
"Acinetobacter","Staphylococcus",FALSE,0,0.999998804438284,0.715281697638591,0.711254070597263
"Listeria","Staphylococcus",FALSE,0,0.999998804438284,0.715281697638591,0.711254070597263
"Lachnospiraceae.FE2018.group","X.Eubacterium..xylanophilum.group",FALSE,0,0.413403011908033,0.249409328487714,0.212221688867072
"X.Family..Veillonellaceae","Prevotellaceae.NK3B31.group",FALSE,1,0.473913503022509,0.327615027253052,0.313837694508003
"Capnocytophaga","Lachnospira",FALSE,0,0.477452456578682,0.210306757776235,0.167486478139021
"Treponema","Elusimicrobium",FALSE,1,0.999999031204647,0.826007156674946,0.821342300507635
"dgA.11.gut.group","Elusimicrobium",FALSE,1,0.999990108940659,0.715281697638591,0.711254070597263
"CAG.873","Elusimicrobium",FALSE,1,0.999990108940659,0.715281697638591,0.711254070597263
"Rikenellaceae.RC9.gut.group","Elusimicrobium",FALSE,1,0.999990108940659,0.715281697638591,0.711254070597263
"X.Family..Succinivibrionaceae","Elusimicrobium",FALSE,1,0.999990108940659,0.715281697638591,0.711254070597263
"Phoenicibacter","Elusimicrobium",FALSE,1,0.999990108940659,0.715281697638591,0.711254070597263
"Ligilactobacillus","Elusimicrobium",FALSE,1,0.999990108940659,0.715281697638591,0.711254070597263
"Libanicoccus","Elusimicrobium",FALSE,1,0.999990108940659,0.715281697638591,0.711254070597263
"X.Family..Atopobiaceae","Elusimicrobium",FALSE,1,0.999990108940659,0.715281697638591,0.711254070597263
"X.Family..P5D1.392","Flavonifractor",FALSE,0,0.669677230833145,0.335153666000563,0.278761558109139
"Cuneatibacter","X.Order..Gastranaerophilales",FALSE,1,0.678133059430504,0.249838140745915,0.22801866287493
"Actinobacillus","X.Order..Gastranaerophilales",FALSE,0,0.743004909779799,0.379950242516247,0.350434692777751
"Listeria","Acinetobacter",FALSE,0,1,1,1
"X.Order..Chloroplast","X.Family..Lachnospiraceae",FALSE,0,0.491599424278805,0.319394038152173,0.256540777390912
"dgA.11.gut.group","Treponema",FALSE,1,0.999993757325133,0.590827801288081,0.584183054589776
"CAG.873","Treponema",FALSE,1,0.999993757325133,0.590827801288081,0.584183054589776
"Rikenellaceae.RC9.gut.group","Treponema",FALSE,1,0.999993757325132,0.590827801288081,0.584183054589776
"X.Family..Succinivibrionaceae","Treponema",FALSE,1,0.999993757325132,0.590827801288081,0.584183054589776
"Phoenicibacter","Treponema",FALSE,1,0.999993757325133,0.590827801288081,0.584183054589776
"Ligilactobacillus","Treponema",FALSE,1,0.999993757325132,0.590827801288081,0.584183054589776
"Libanicoccus","Treponema",FALSE,1,0.999993757325133,0.590827801288081,0.584183054589776
"X.Family..Atopobiaceae","Treponema",FALSE,1,0.999993757325133,0.590827801288081,0.584183054589776
"UCG.003","Lachnospiraceae.UCG.010",FALSE,1,0.492249304056064,0.483167575916924,0.331548857834167
"X.Family..Christensenellaceae","Family.XIII.AD3011.group",FALSE,0,0.722732898024012,0.617021010690667,0.497589592412821
"X.Family..Desulfovibrionaceae","UCG.003",FALSE,0,0.436812095213978,0.263106126670457,0.210511173223172
"X.Family..Tannerellaceae","Butyrivibrio",FALSE,1,0.883981093622186,0.317343173431734,0.309523809523809
"X.Family..Puniceicoccaceae","Desulfovibrio",FALSE,0,0.640338705983654,0.50004619437151,0.447770750481147
"GCA.900066755","UBA1819",FALSE,1,0.770863943656347,0.513766518586708,0.433824721461712
"X.Family..vadinBE97","X.Order..Clostridia.vadinBB60.group",FALSE,1,0.827692743915417,0.428885074806495,0.369363711325796
"Sellimonas","Eggerthella",FALSE,0,0.864621522727097,0.408812109849788,0.367618400089637
"Anaerosporobacter","X.Order..Oscillospirales",FALSE,0,0.984578972613071,0.275995661125572,0.245234296418466
"Christensenella","X.Order..Izemoplasmatales",FALSE,0,0.523746351973358,0.252874487847966,0.231572855063796
"Comamonas","Haemophilus",FALSE,0,0.398917536427794,0.265867731155651,0.222231240798238
"CAG.873","dgA.11.gut.group",FALSE,1,1,1,1
"Rikenellaceae.RC9.gut.group","dgA.11.gut.group",FALSE,1,1,1,1
"X.Family..Succinivibrionaceae","dgA.11.gut.group",FALSE,1,1,1,1
"Phoenicibacter","dgA.11.gut.group",FALSE,1,1,1,1
"Ligilactobacillus","dgA.11.gut.group",FALSE,1,1,1,1
"Libanicoccus","dgA.11.gut.group",FALSE,1,1,1,1
"X.Family..Atopobiaceae","dgA.11.gut.group",FALSE,1,1,1,1
"Mitsuokella","Asteroleplasma",FALSE,1,0.99896254015743,0.826007156674946,0.821342300507635
"Siccibacter","Eisenbergiella",FALSE,1,0.872667099736192,0.383864591909854,0.368884737237919
"Rikenellaceae.RC9.gut.group","CAG.873",FALSE,1,1,1,1
"X.Family..Succinivibrionaceae","CAG.873",FALSE,1,1,1,1
"Phoenicibacter","CAG.873",FALSE,1,1,1,1
"Ligilactobacillus","CAG.873",FALSE,1,1,1,1
"Libanicoccus","CAG.873",FALSE,1,1,1,1
"X.Family..Atopobiaceae","CAG.873",FALSE,1,1,1,1
"Catenibacterium","Succinivibrio",FALSE,1,0.97515085845868,0.99943342776204,0.987951807228916
"Catenibacillus","Candidatus.Stoquefichus",FALSE,0,0.99167447188888,0.403398843957532,0.396176874362506
"X.Family..Succinivibrionaceae","Rikenellaceae.RC9.gut.group",FALSE,1,1,1,1
"Phoenicibacter","Rikenellaceae.RC9.gut.group",FALSE,1,1,1,1
"Ligilactobacillus","Rikenellaceae.RC9.gut.group",FALSE,1,1,1,1
"Libanicoccus","Rikenellaceae.RC9.gut.group",FALSE,1,1,1,1
"X.Family..Atopobiaceae","Rikenellaceae.RC9.gut.group",FALSE,1,1,1,1
"Howardella","Lachnospiraceae.NK4B4.group",FALSE,0,0.656951804716306,0.576892871400109,0.563601861976635
"Rikenella","Prevotellaceae.UCG.003",FALSE,1,1,1,1
"Sneathia","Prevotellaceae.UCG.003",FALSE,1,1,1,1
"Klebsiella","Coprobacillus",FALSE,1,0.983050654238377,0.590827801288081,0.584183054589776
"Aggregatibacter","Coprobacillus",FALSE,1,0.983050654238377,0.590827801288081,0.584183054589776
"X.Order..DTU014","Peptococcus",FALSE,1,0.616927429750803,0.56117248350615,0.507940560862653
"Weissella","Sanguibacteroides",FALSE,1,0.913017378617374,0.34503766678642,0.336741377755331
"X.Family..Leptotrichiaceae","Limosilactobacillus",FALSE,1,0.999920536971474,0.715281697638591,0.711254070597263
"GCA.900066755","Weissella",FALSE,0,0.673208782713469,0.654982686935781,0.643920916216785
"Siccibacter","X.Order..Lactobacillales",FALSE,1,0.867596254630135,0.517676219808522,0.508955935792396
"Gordonibacter","Propionibacterium",FALSE,0,0.574267763973029,0.640590405904059,0.619047619047619
"Corynebacterium","X.Eubacterium..fissicatena.group",FALSE,0,0.516095861201,0.475662520281233,0.470588235294118
"Phoenicibacter","X.Family..Succinivibrionaceae",FALSE,1,1,1,1
"Ligilactobacillus","X.Family..Succinivibrionaceae",FALSE,1,1,1,1
"Libanicoccus","X.Family..Succinivibrionaceae",FALSE,1,1,1,1
"X.Family..Atopobiaceae","X.Family..Succinivibrionaceae",FALSE,1,1,1,1
"Finegoldia","Hungatella",FALSE,0,0.890761460121701,0.590827801288081,0.584183054589776
"Finegoldia","X.Class..Bacilli",FALSE,0,0.850001992601855,0.715281697638591,0.711254070597263
"Sneathia","Rikenella",FALSE,1,1,1,1
"Fenollaria","Finegoldia",FALSE,0,0.897195425728777,0.468497128235311,0.457991372801907
"Acetanaerobacterium","Centipeda",FALSE,0,0.714241290649511,0.403398843957532,0.396176874362506
"Ligilactobacillus","Phoenicibacter",FALSE,1,1,1,1
"Libanicoccus","Phoenicibacter",FALSE,1,1,1,1
"X.Family..Atopobiaceae","Phoenicibacter",FALSE,1,1,1,1
"Aggregatibacter","Klebsiella",FALSE,1,1,1,1
"Libanicoccus","Ligilactobacillus",FALSE,1,1,1,1
"X.Family..Atopobiaceae","Ligilactobacillus",FALSE,1,1,1,1
"X.Family..Atopobiaceae","Libanicoccus",FALSE,1,1,1,1
